../Core/Src/main.c:103:13:LongPressTimerCb	24	static
../Core/Src/main.c:118:5:main	8	static
../Core/Src/main.c:215:6:SystemClock_Config	96	static
../Core/Src/main.c:260:13:MX_TIM2_Init	40	static
../Core/Src/main.c:305:13:MX_GPIO_Init	40	static
../Core/Src/main.c:343:6:HAL_GPIO_EXTI_Callback	32	static
../Core/Src/main.c:376:6:HAL_TIM_PeriodElapsedCallback	16	static
../Core/Src/main.c:391:6:StartDefaultTask	32	static
../Core/Src/main.c:440:6:StartTask02	24	static
../Core/Src/main.c:468:6:Error_Handler	4	static,ignoring_inline_asm
